// Jest Snapshot v1, https://goo.gl/fbAQLP

exports[`<SlideList/> should render correctly with items 1`] = `
<SlideList
  items={
    Array [
      "1",
      "2",
      "3",
    ]
  }
>
  <div
    className="slider-content"
  >
    <Slide
      content="1"
      key="0"
    >
      <div
        className="slider-item"
      >
        1
      </div>
    </Slide>
    <Slide
      content="2"
      key="1"
    >
      <div
        className="slider-item"
      >
        2
      </div>
    </Slide>
    <Slide
      content="3"
      key="2"
    >
      <div
        className="slider-item"
      >
        3
      </div>
    </Slide>
  </div>
</SlideList>
`;
